// Jest Snapshot v1, https://goo.gl/fbAQLP

exports[`MovieTime renders matching snapshot 1`] = `
<div
  className="MovieTile"
>
  <img
    alt="poster of movie: Wonder Woman"
    className="poster-img"
    src="http://image.tmdb.org/t/p/w185/gfJGlDaHuWimErCr5Ql0I8x9QSy.jpg"
  />
</div>
`;
